[09:40:55] ==========================================
[09:40:55] Starting Video Sync: 07/16/2026 09:40:55
[09:40:55] Mode: Incremental Sync (RSS)
[09:40:55] ==========================================
[09:40:56] Loaded 10880 existing videos from local database.
[09:41:02] Cleaned up 1 duplicate episode entries from the database.
[09:41:05] [Animexin] Fetching RSS feed page 1 from: https://animexin.dev/feed/
[09:41:06] [Animexin] Fetching RSS feed page 2 from: https://animexin.dev/feed/?paged=2
[09:41:07] [Animexin] Fetching RSS feed page 3 from: https://animexin.dev/feed/?paged=3
[09:41:08] [Animexin] Fetching RSS feed page 4 from: https://animexin.dev/feed/?paged=4
[09:41:09] [Animexin] Fetching RSS feed page 5 from: https://animexin.dev/feed/?paged=5
[09:41:10] [LuciferDonghua] Fetching RSS feed page 1 from: https://luciferdonghua.in/feed/
[09:41:11] [LuciferDonghua] Fetching RSS feed page 2 from: https://luciferdonghua.in/feed/?paged=2
[09:41:11] [LuciferDonghua] Fetching RSS feed page 3 from: https://luciferdonghua.in/feed/?paged=3
[09:41:12] [LuciferDonghua] Fetching RSS feed page 4 from: https://luciferdonghua.in/feed/?paged=4
[09:41:13] [LuciferDonghua] Fetching RSS feed page 5 from: https://luciferdonghua.in/feed/?paged=5
[09:41:13] Found 100 items in all feeds. Checking for updates...
[09:41:13] Found Animexin RSS item for existing Lucifer Donghua episode: Slay the Gods Season 2 Episode 5 Indonesia, English Sub. Allowing overwrite!
[09:41:13] Found Animexin RSS item for existing Lucifer Donghua episode: Martial Master Episode 674 Indonesia, English Sub. Allowing overwrite!
[09:41:13] Found Animexin RSS item for existing Lucifer Donghua episode: Shrouding the Heavens Episode 171 Indonesia, English Sub. Allowing overwrite!
[09:41:13] Found Animexin RSS item for existing Lucifer Donghua episode: In Search of Gods Episode 19 Indonesia, English Sub. Allowing overwrite!
[09:41:13] Found Animexin RSS item for existing Lucifer Donghua episode: Walking the Way all alone Episode 16 Indonesia, English Sub. Allowing overwrite!
[09:41:13] Found Animexin RSS item for existing Lucifer Donghua episode: Slay the Gods Season 2 Episode 6 Indonesia, English Sub. Allowing overwrite!
[09:41:13] Found Animexin RSS item for existing Lucifer Donghua episode: Tomb of Fallen Gods Season 3 Episode 51 Indonesia, English Sub. Allowing overwrite!
[09:41:13] Found 14 new episodes to scrape.
[09:41:15] Allowing Animexin scrape for existing Lucifer Donghua episode: Slay the Gods Season 2 Episode 5 Indonesia, English Sub
[09:41:15] [1/14] Scraping: Slay the Gods Season 2 Episode 5 Indonesia, English Sub
[09:41:15] URL: https://animexin.dev/slay-the-gods-season-2-episode-5-indonesia-english-sub/
[09:41:15] Success: Scraped 16 mirrors and 6 download links.
[09:41:17] Allowing Animexin scrape for existing Lucifer Donghua episode: Martial Master Episode 674 Indonesia, English Sub
[09:41:17] [2/14] Scraping: Martial Master Episode 674 Indonesia, English Sub
[09:41:17] URL: https://animexin.dev/martial-master-episode-674-indonesia-english-sub/
[09:41:17] Success: Scraped 16 mirrors and 6 download links.
[09:41:19] Allowing Animexin scrape for existing Lucifer Donghua episode: Shrouding the Heavens Episode 171 Indonesia, English Sub
[09:41:19] [3/14] Scraping: Shrouding the Heavens Episode 171 Indonesia, English Sub
[09:41:19] URL: https://animexin.dev/shrouding-the-heavens-episode-171-indonesia-english-sub/
[09:41:19] Success: Scraped 16 mirrors and 6 download links.
[09:41:19] Allowing Animexin scrape for existing Lucifer Donghua episode: In Search of Gods Episode 19 Indonesia, English Sub
[09:41:19] [4/14] Scraping: In Search of Gods Episode 19 Indonesia, English Sub
[09:41:19] URL: https://animexin.dev/in-search-of-gods-episode-19-indonesia-english-sub/
[09:41:19] Success: Scraped 16 mirrors and 6 download links.
[09:41:20] Allowing Animexin scrape for existing Lucifer Donghua episode: Walking the Way all alone Episode 16 Indonesia, English Sub
[09:41:20] [5/14] Scraping: Walking the Way all alone Episode 16 Indonesia, English Sub
[09:41:20] URL: https://animexin.dev/walking-the-way-all-alone-episode-16-indonesia-english-sub/
[09:41:21] Success: Scraped 16 mirrors and 6 download links.
[09:41:21] Allowing Animexin scrape for existing Lucifer Donghua episode: Slay the Gods Season 2 Episode 6 Indonesia, English Sub
[09:41:21] [6/14] Scraping: Slay the Gods Season 2 Episode 6 Indonesia, English Sub
[09:41:21] URL: https://animexin.dev/slay-the-gods-season-2-episode-6-indonesia-english-sub/
[09:41:21] Success: Scraped 15 mirrors and 6 download links.
[09:41:22] Allowing Animexin scrape for existing Lucifer Donghua episode: Tomb of Fallen Gods Season 3 Episode 51 Indonesia, English Sub
[09:41:22] [7/14] Scraping: Tomb of Fallen Gods Season 3 Episode 51 Indonesia, English Sub
[09:41:22] URL: https://animexin.dev/tomb-of-fallen-gods-season-3-episode-51-indonesia-english-sub/
[09:41:22] Success: Scraped 15 mirrors and 6 download links.
[09:41:24] [8/14] Scraping: Against the Gods Season 2 Episode 15 [45] English Sub
[09:41:24] URL: https://luciferdonghua.in/against-the-gods-season-2-episode-15-45-lucifer-donghua/
[09:41:24] Fetching mirror subpage: https://luciferdonghua.in/against-the-gods-season-2-episode-15-45-lucifer-donghua/v/1/
[09:41:27] Fetching mirror subpage: https://luciferdonghua.in/against-the-gods-season-2-episode-15-45-lucifer-donghua/v/2/
[09:41:29] Fetching mirror subpage: https://luciferdonghua.in/against-the-gods-season-2-episode-15-45-lucifer-donghua/v/3/
[09:41:31] Fetching mirror subpage: https://luciferdonghua.in/against-the-gods-season-2-episode-15-45-lucifer-donghua/v/4/
[09:41:32] Fetching mirror subpage: https://luciferdonghua.in/against-the-gods-season-2-episode-15-45-lucifer-donghua/v/5/
[09:41:34] Success: Scraped 5 mirrors and 0 download links.
[09:41:37] [9/14] Scraping: Big Brother Season 2 Episode 136 [149] English Sub
[09:41:37] URL: https://luciferdonghua.in/big-brother-season-2-episode-136-149-lucifer-donghua/
[09:41:37] Fetching mirror subpage: https://luciferdonghua.in/big-brother-season-2-episode-136-149-lucifer-donghua/v/1/
[09:41:39] Fetching mirror subpage: https://luciferdonghua.in/big-brother-season-2-episode-136-149-lucifer-donghua/v/2/
[09:41:41] Fetching mirror subpage: https://luciferdonghua.in/big-brother-season-2-episode-136-149-lucifer-donghua/v/3/
[09:41:43] Fetching mirror subpage: https://luciferdonghua.in/big-brother-season-2-episode-136-149-lucifer-donghua/v/4/
[09:41:45] Fetching mirror subpage: https://luciferdonghua.in/big-brother-season-2-episode-136-149-lucifer-donghua/v/5/
[09:41:48] Success: Scraped 5 mirrors and 0 download links.
[09:41:52] [10/14] Scraping: Supreme God Emperor Season 2 Episode 567 [621] English Sub
[09:41:52] URL: https://luciferdonghua.in/supreme-god-emperor-season-2-episode-567-621-lucifer-donghua/
[09:41:52] Fetching mirror subpage: https://luciferdonghua.in/supreme-god-emperor-season-2-episode-567-621-lucifer-donghua/v/1/
[09:41:57] Fetching mirror subpage: https://luciferdonghua.in/supreme-god-emperor-season-2-episode-567-621-lucifer-donghua/v/2/
[09:42:01] Fetching mirror subpage: https://luciferdonghua.in/supreme-god-emperor-season-2-episode-567-621-lucifer-donghua/v/3/
[09:42:06] Fetching mirror subpage: https://luciferdonghua.in/supreme-god-emperor-season-2-episode-567-621-lucifer-donghua/v/4/
[09:42:10] Fetching mirror subpage: https://luciferdonghua.in/supreme-god-emperor-season-2-episode-567-621-lucifer-donghua/v/5/
[09:42:14] Success: Scraped 5 mirrors and 0 download links.
[09:42:16] [11/14] Scraping: The Demon Hunter Season 3 Episode 19 [85] English Sub
[09:42:16] URL: https://luciferdonghua.in/the-demon-hunter-season-3-episode-19-85-lucifer-donghua/
[09:42:16] Fetching mirror subpage: https://luciferdonghua.in/the-demon-hunter-season-3-episode-19-85-lucifer-donghua/v/1/
[09:42:17] Fetching mirror subpage: https://luciferdonghua.in/the-demon-hunter-season-3-episode-19-85-lucifer-donghua/v/2/
[09:42:20] Fetching mirror subpage: https://luciferdonghua.in/the-demon-hunter-season-3-episode-19-85-lucifer-donghua/v/3/
[09:42:22] Fetching mirror subpage: https://luciferdonghua.in/the-demon-hunter-season-3-episode-19-85-lucifer-donghua/v/4/
[09:42:24] Fetching mirror subpage: https://luciferdonghua.in/the-demon-hunter-season-3-episode-19-85-lucifer-donghua/v/5/
[09:42:25] Success: Scraped 5 mirrors and 0 download links.
[09:42:29] [12/14] Scraping: Supreme God Emperor Season 2 Episode 568 [622] English Sub
[09:42:29] URL: https://luciferdonghua.in/supreme-god-emperor-season-2-episode-568-622-lucifer-donghua/
[09:42:29] Fetching mirror subpage: https://luciferdonghua.in/supreme-god-emperor-season-2-episode-568-622-lucifer-donghua/v/1/
[09:42:33] Fetching mirror subpage: https://luciferdonghua.in/supreme-god-emperor-season-2-episode-568-622-lucifer-donghua/v/2/
[09:42:37] Fetching mirror subpage: https://luciferdonghua.in/supreme-god-emperor-season-2-episode-568-622-lucifer-donghua/v/3/
[09:42:41] Fetching mirror subpage: https://luciferdonghua.in/supreme-god-emperor-season-2-episode-568-622-lucifer-donghua/v/4/
[09:42:45] Fetching mirror subpage: https://luciferdonghua.in/supreme-god-emperor-season-2-episode-568-622-lucifer-donghua/v/5/
[09:42:49] Success: Scraped 5 mirrors and 0 download links.
[09:42:51] [13/14] Scraping: Big Brother Season 2 Episode 137 [150] English Sub
[09:42:51] URL: https://luciferdonghua.in/big-brother-season-2-episode-137-150-lucifer-donghua/
[09:42:51] Fetching mirror subpage: https://luciferdonghua.in/big-brother-season-2-episode-137-150-lucifer-donghua/v/1/
[09:42:54] Fetching mirror subpage: https://luciferdonghua.in/big-brother-season-2-episode-137-150-lucifer-donghua/v/2/
[09:42:56] Fetching mirror subpage: https://luciferdonghua.in/big-brother-season-2-episode-137-150-lucifer-donghua/v/3/
[09:42:58] Fetching mirror subpage: https://luciferdonghua.in/big-brother-season-2-episode-137-150-lucifer-donghua/v/4/
[09:43:00] Fetching mirror subpage: https://luciferdonghua.in/big-brother-season-2-episode-137-150-lucifer-donghua/v/5/
[09:43:03] Success: Scraped 5 mirrors and 0 download links.
[09:43:05] [14/14] Scraping: Against the Gods Season 2 Episode 16 [46] English Sub
[09:43:05] URL: https://luciferdonghua.in/against-the-gods-season-2-episode-16-46-lucifer-donghua/
[09:43:05] Fetching mirror subpage: https://luciferdonghua.in/against-the-gods-season-2-episode-16-46-lucifer-donghua/v/1/
[09:43:07] Fetching mirror subpage: https://luciferdonghua.in/against-the-gods-season-2-episode-16-46-lucifer-donghua/v/2/
[09:43:09] Fetching mirror subpage: https://luciferdonghua.in/against-the-gods-season-2-episode-16-46-lucifer-donghua/v/3/
[09:43:11] Fetching mirror subpage: https://luciferdonghua.in/against-the-gods-season-2-episode-16-46-lucifer-donghua/v/4/
[09:43:13] Fetching mirror subpage: https://luciferdonghua.in/against-the-gods-season-2-episode-16-46-lucifer-donghua/v/5/
[09:43:14] Success: Scraped 5 mirrors and 0 download links.
[09:43:15] Overwriting existing Lucifer Donghua version with new Animexin version for: Slay the Gods Season 2 Episode 6 Indonesia, English Sub
[09:43:15] Deleted Lucifer Donghua JSON file: C:\Users\jummy\OneDrive\Documents\GitHub\FallenAnime\episodes\slay-the-gods-season-2-episode-06-lucifer-donghua.json
[09:43:15] Overwriting existing Lucifer Donghua version with new Animexin version for: Tomb of Fallen Gods Season 3 Episode 51 Indonesia, English Sub
[09:43:15] Deleted Lucifer Donghua JSON file: C:\Users\jummy\OneDrive\Documents\GitHub\FallenAnime\episodes\tomb-of-fallen-gods-season-3-episode-51-lucifer-donghua.json
[09:43:15] Overwriting existing Lucifer Donghua version with new Animexin version for: Shrouding the Heavens Episode 171 Indonesia, English Sub
[09:43:15] Deleted Lucifer Donghua JSON file: C:\Users\jummy\OneDrive\Documents\GitHub\FallenAnime\episodes\shrouding-the-heavens-episode-171-lucifer-donghua.json
[09:43:15] Overwriting existing Lucifer Donghua version with new Animexin version for: In Search of Gods Episode 19 Indonesia, English Sub
[09:43:15] Deleted Lucifer Donghua JSON file: C:\Users\jummy\OneDrive\Documents\GitHub\FallenAnime\episodes\in-search-of-gods-episode-19-lucifer-donghua.json
[09:43:16] Overwriting existing Lucifer Donghua version with new Animexin version for: Slay the Gods Season 2 Episode 5 Indonesia, English Sub
[09:43:16] Deleted Lucifer Donghua JSON file: C:\Users\jummy\OneDrive\Documents\GitHub\FallenAnime\episodes\slay-the-gods-season-2-episode-05-lucifer-donghua.json
[09:43:16] Overwriting existing Lucifer Donghua version with new Animexin version for: Walking the Way all alone Episode 16 Indonesia, English Sub
[09:43:16] Deleted Lucifer Donghua JSON file: C:\Users\jummy\OneDrive\Documents\GitHub\FallenAnime\episodes\walking-the-way-all-alone-episode-16-lucifer-donghua.json
[09:43:16] Overwriting existing Lucifer Donghua version with new Animexin version for: Martial Master Episode 674 Indonesia, English Sub
[09:43:16] Deleted Lucifer Donghua JSON file: C:\Users\jummy\OneDrive\Documents\GitHub\FallenAnime\episodes\martial-master-episode-674-lucifer-donghua.json
[09:43:21] Checkpoint: Saved 14 new items to videos.json (Total database: 10886 items).
[09:43:22] Checkpoint: Generated and saved catalog.json (Size: 3961 KB).
[09:43:22] ==========================================
[09:43:22] Sync Completed: 07/16/2026 09:43:22
[09:43:22] ==========================================
